[0.000000] (-) TimerEvent: {}
[0.000421] (bot) JobQueued: {'identifier': 'bot', 'dependencies': OrderedDict()}
[0.000574] (bot) JobStarted: {'identifier': 'bot'}
[0.098109] (-) TimerEvent: {}
[0.199057] (-) TimerEvent: {}
[0.299830] (-) TimerEvent: {}
[0.401020] (-) TimerEvent: {}
[0.475092] (bot) JobProgress: {'identifier': 'bot', 'progress': 'cmake'}
[0.477164] (bot) Command: {'cmd': ['/usr/bin/cmake', '/home/kuljot/Project/ball_follower/src/bot', '-DCMAKE_INSTALL_PREFIX=/home/kuljot/Project/ball_follower/install/bot'], 'cwd': '/home/kuljot/Project/ball_follower/build/bot', 'env': OrderedDict([('LESSOPEN', '| /usr/bin/lesspipe %s'), ('LANGUAGE', 'en_IN:en'), ('USER', 'kuljot'), ('XDG_SESSION_TYPE', 'wayland'), ('SHLVL', '1'), ('LD_LIBRARY_PATH', '/usr/lib/x86_64-linux-gnu/gazebo-11/plugins:/opt/ros/iron/opt/rviz_ogre_vendor/lib:/opt/ros/iron/lib/x86_64-linux-gnu:/opt/ros/iron/lib'), ('HOME', '/home/kuljot'), ('OLDPWD', '/home/kuljot/Project/ball_follower/src'), ('DESKTOP_SESSION', 'ubuntu'), ('ROS_PYTHON_VERSION', '3'), ('GNOME_SHELL_SESSION_MODE', 'ubuntu'), ('GTK_MODULES', 'gail:atk-bridge'), ('SYSTEMD_EXEC_PID', '2391'), ('DBUS_SESSION_BUS_ADDRESS', 'unix:path=/run/user/1000/bus'), ('COLORTERM', 'truecolor'), ('IM_CONFIG_PHASE', '1'), ('WAYLAND_DISPLAY', 'wayland-0'), ('COLCON_PREFIX_PATH', '/home/kuljot/Project/articubot_ws/install'), ('ROS_DISTRO', 'iron'), ('LOGNAME', 'kuljot'), ('_', '/usr/bin/colcon'), ('ROS_VERSION', '2'), ('XDG_SESSION_CLASS', 'user'), ('USERNAME', 'kuljot'), ('TERM', 'xterm-256color'), ('GNOME_DESKTOP_SESSION_ID', 'this-is-deprecated'), ('PATH', '/opt/ros/iron/bin:/home/kuljot/.local/bin:/usr/local/sbin:/usr/local/bin:/usr/sbin:/usr/bin:/sbin:/bin:/usr/games:/usr/local/games:/snap/bin:/snap/bin'), ('SESSION_MANAGER', 'local/kuljot-HP-Laptop-15-bs1xx:@/tmp/.ICE-unix/2346,unix/kuljot-HP-Laptop-15-bs1xx:/tmp/.ICE-unix/2346'), ('XDG_MENU_PREFIX', 'gnome-'), ('GNOME_TERMINAL_SCREEN', '/org/gnome/Terminal/screen/ad3fcb6c_dbf8_47fc_9e2e_2fecbac140cb'), ('GNOME_SETUP_DISPLAY', ':1'), ('XDG_RUNTIME_DIR', '/run/user/1000'), ('DISPLAY', ':0'), ('LANG', 'en_IN'), ('XDG_CURRENT_DESKTOP', 'ubuntu:GNOME'), ('XMODIFIERS', '@im=ibus'), ('XDG_SESSION_DESKTOP', 'ubuntu'), ('XAUTHORITY', '/run/user/1000/.mutter-Xwaylandauth.Y18XH2'), ('LS_COLORS', 'rs=0:di=01;34:ln=01;36:mh=00:pi=40;33:so=01;35:do=01;35:bd=40;33;01:cd=40;33;01:or=40;31;01:mi=00:su=37;41:sg=30;43:ca=30;41:tw=30;42:ow=34;42:st=37;44:ex=01;32:*.tar=01;31:*.tgz=01;31:*.arc=01;31:*.arj=01;31:*.taz=01;31:*.lha=01;31:*.lz4=01;31:*.lzh=01;31:*.lzma=01;31:*.tlz=01;31:*.txz=01;31:*.tzo=01;31:*.t7z=01;31:*.zip=01;31:*.z=01;31:*.dz=01;31:*.gz=01;31:*.lrz=01;31:*.lz=01;31:*.lzo=01;31:*.xz=01;31:*.zst=01;31:*.tzst=01;31:*.bz2=01;31:*.bz=01;31:*.tbz=01;31:*.tbz2=01;31:*.tz=01;31:*.deb=01;31:*.rpm=01;31:*.jar=01;31:*.war=01;31:*.ear=01;31:*.sar=01;31:*.rar=01;31:*.alz=01;31:*.ace=01;31:*.zoo=01;31:*.cpio=01;31:*.7z=01;31:*.rz=01;31:*.cab=01;31:*.wim=01;31:*.swm=01;31:*.dwm=01;31:*.esd=01;31:*.jpg=01;35:*.jpeg=01;35:*.mjpg=01;35:*.mjpeg=01;35:*.gif=01;35:*.bmp=01;35:*.pbm=01;35:*.pgm=01;35:*.ppm=01;35:*.tga=01;35:*.xbm=01;35:*.xpm=01;35:*.tif=01;35:*.tiff=01;35:*.png=01;35:*.svg=01;35:*.svgz=01;35:*.mng=01;35:*.pcx=01;35:*.mov=01;35:*.mpg=01;35:*.mpeg=01;35:*.m2v=01;35:*.mkv=01;35:*.webm=01;35:*.webp=01;35:*.ogm=01;35:*.mp4=01;35:*.m4v=01;35:*.mp4v=01;35:*.vob=01;35:*.qt=01;35:*.nuv=01;35:*.wmv=01;35:*.asf=01;35:*.rm=01;35:*.rmvb=01;35:*.flc=01;35:*.avi=01;35:*.fli=01;35:*.flv=01;35:*.gl=01;35:*.dl=01;35:*.xcf=01;35:*.xwd=01;35:*.yuv=01;35:*.cgm=01;35:*.emf=01;35:*.ogv=01;35:*.ogx=01;35:*.aac=00;36:*.au=00;36:*.flac=00;36:*.m4a=00;36:*.mid=00;36:*.midi=00;36:*.mka=00;36:*.mp3=00;36:*.mpc=00;36:*.ogg=00;36:*.ra=00;36:*.wav=00;36:*.oga=00;36:*.opus=00;36:*.spx=00;36:*.xspf=00;36:'), ('GNOME_TERMINAL_SERVICE', ':1.103'), ('SSH_AGENT_LAUNCHER', 'gnome-keyring'), ('SSH_AUTH_SOCK', '/run/user/1000/keyring/ssh'), ('AMENT_PREFIX_PATH', '/home/kuljot/Project/articubot_ws/install/articubot_one:/opt/ros/iron'), ('SHELL', '/bin/bash'), ('QT_ACCESSIBILITY', '1'), ('GDMSESSION', 'ubuntu'), ('LESSCLOSE', '/usr/bin/lesspipe %s %s'), ('ROS_AUTOMATIC_DISCOVERY_RANGE', 'SUBNET'), ('QT_IM_MODULE', 'ibus'), ('PWD', '/home/kuljot/Project/ball_follower/build/bot'), ('XDG_CONFIG_DIRS', '/etc/xdg/xdg-ubuntu:/etc/xdg'), ('GAZEBO_PLUGIN_PATH', '/opt/ros/iron/lib:'), ('XDG_DATA_DIRS', '/usr/share/ubuntu:/usr/local/share/:/usr/share/:/var/lib/snapd/desktop'), ('PYTHONPATH', '/opt/ros/iron/lib/python3.10/site-packages'), ('COLCON', '1'), ('VTE_VERSION', '6800'), ('CMAKE_PREFIX_PATH', '/home/kuljot/Project/articubot_ws/install/articubot_one')]), 'shell': False}
[0.501209] (-) TimerEvent: {}
[0.529262] (bot) StdoutLine: {'line': b'-- Found ament_cmake: 2.0.3 (/opt/ros/iron/share/ament_cmake/cmake)\n'}
[0.601456] (-) TimerEvent: {}
[0.702223] (-) TimerEvent: {}
[0.803037] (-) TimerEvent: {}
[0.903874] (-) TimerEvent: {}
[1.004622] (-) TimerEvent: {}
[1.105450] (-) TimerEvent: {}
[1.130411] (bot) StdoutLine: {'line': b'-- Found ament_lint_auto: 0.14.2 (/opt/ros/iron/share/ament_lint_auto/cmake)\n'}
[1.205640] (-) TimerEvent: {}
[1.306448] (-) TimerEvent: {}
[1.343049] (bot) StderrLine: {'line': b"Error parsing '/home/kuljot/Project/ball_follower/src/bot/package.xml':\n"}
[1.406639] (-) TimerEvent: {}
[1.507400] (-) TimerEvent: {}
[1.519182] (bot) StderrLine: {'line': b'Traceback (most recent call last):\n'}
[1.520013] (bot) StderrLine: {'line': b'  File "/usr/lib/python3/dist-packages/catkin_pkg/package.py", line 610, in parse_package_string\n'}
[1.520497] (bot) StderrLine: {'line': b'    root = dom.parseString(data)\n'}
[1.520939] (bot) StderrLine: {'line': b'  File "/usr/lib/python3.10/xml/dom/minidom.py", line 2000, in parseString\n'}
[1.521672] (bot) StderrLine: {'line': b'    return expatbuilder.parseString(string)\n'}
[1.522234] (bot) StderrLine: {'line': b'  File "/usr/lib/python3.10/xml/dom/expatbuilder.py", line 925, in parseString\n'}
[1.522971] (bot) StderrLine: {'line': b'    return builder.parseString(string)\n'}
[1.523960] (bot) StderrLine: {'line': b'  File "/usr/lib/python3.10/xml/dom/expatbuilder.py", line 223, in parseString\n'}
[1.524616] (bot) StderrLine: {'line': b'    parser.Parse(string, True)\n'}
[1.525155] (bot) StderrLine: {'line': b'xml.parsers.expat.ExpatError: mismatched tag: line 20, column 2\n'}
[1.525651] (bot) StderrLine: {'line': b'\n'}
[1.526170] (bot) StderrLine: {'line': b'During handling of the above exception, another exception occurred:\n'}
[1.526696] (bot) StderrLine: {'line': b'\n'}
[1.527203] (bot) StderrLine: {'line': b'Traceback (most recent call last):\n'}
[1.527700] (bot) StderrLine: {'line': b'  File "/opt/ros/iron/share/ament_cmake_core/cmake/core/package_xml_2_cmake.py", line 150, in <module>\n'}
[1.528203] (bot) StderrLine: {'line': b'    main()\n'}
[1.528695] (bot) StderrLine: {'line': b'  File "/opt/ros/iron/share/ament_cmake_core/cmake/core/package_xml_2_cmake.py", line 53, in main\n'}
[1.529214] (bot) StderrLine: {'line': b'    raise e\n'}
[1.529714] (bot) StderrLine: {'line': b'  File "/opt/ros/iron/share/ament_cmake_core/cmake/core/package_xml_2_cmake.py", line 49, in main\n'}
[1.530245] (bot) StderrLine: {'line': b'    package = parse_package_string(\n'}
[1.530756] (bot) StderrLine: {'line': b'  File "/usr/lib/python3/dist-packages/catkin_pkg/package.py", line 612, in parse_package_string\n'}
[1.531245] (bot) StderrLine: {'line': b"    raise InvalidPackage('The manifest contains invalid XML:\\n%s' % ex, filename)\n"}
[1.531740] (bot) StderrLine: {'line': b"catkin_pkg.package.InvalidPackage: Error(s) in package '/home/kuljot/Project/ball_follower/src/bot/package.xml':\n"}
[1.532238] (bot) StderrLine: {'line': b'The manifest contains invalid XML:\n'}
[1.532738] (bot) StderrLine: {'line': b'mismatched tag: line 20, column 2\n'}
[1.587324] (bot) StderrLine: {'line': b'\x1b[31mCMake Error at /opt/ros/iron/share/ament_cmake_core/cmake/core/ament_package_xml.cmake:95 (message):\n'}
[1.587886] (bot) StderrLine: {'line': b'  execute_process(/usr/bin/python3.10\n'}
[1.588516] (bot) StderrLine: {'line': b'  /opt/ros/iron/share/ament_cmake_core/cmake/core/package_xml_2_cmake.py\n'}
[1.588951] (bot) StderrLine: {'line': b'  /home/kuljot/Project/ball_follower/src/bot/package.xml\n'}
[1.589261] (bot) StderrLine: {'line': b'  /home/kuljot/Project/ball_follower/build/bot/ament_cmake_core/package.cmake)\n'}
[1.589552] (bot) StderrLine: {'line': b'  returned error code 1\n'}
[1.589838] (bot) StderrLine: {'line': b'Call Stack (most recent call first):\n'}
[1.590163] (bot) StderrLine: {'line': b'  /opt/ros/iron/share/ament_cmake_core/cmake/core/ament_package_xml.cmake:49 (_ament_package_xml)\n'}
[1.590538] (bot) StderrLine: {'line': b'  /opt/ros/iron/share/ament_lint_auto/cmake/ament_lint_auto_find_test_dependencies.cmake:31 (ament_package_xml)\n'}
[1.590829] (bot) StderrLine: {'line': b'  CMakeLists.txt:32 (ament_lint_auto_find_test_dependencies)\n'}
[1.591113] (bot) StderrLine: {'line': b'\n'}
[1.591400] (bot) StderrLine: {'line': b'\x1b[0m\n'}
[1.591682] (bot) StdoutLine: {'line': b'-- Configuring incomplete, errors occurred!\n'}
[1.591980] (bot) StdoutLine: {'line': b'See also "/home/kuljot/Project/ball_follower/build/bot/CMakeFiles/CMakeOutput.log".\n'}
[1.602997] (bot) CommandEnded: {'returncode': 1}
[1.605931] (bot) JobEnded: {'identifier': 'bot', 'rc': 1}
[1.607514] (-) TimerEvent: {}
[1.616921] (-) EventReactorShutdown: {}
